// Jest Snapshot v1, https://goo.gl/fbAQLP

exports[`renders correctly 1`] = `
<View
  className="w-full h-40 justify-center items-center gap-3"
>
  <View
    className="flex-row gap-3"
  >
    <Text
      className="text-zinc-800/70"
      href="/favorite"
      onPress={[Function]}
      role="link"
    >
      Favoritos
    </Text>
    <Text
      className="text-zinc-800/70"
      href="/cart"
      onPress={[Function]}
      role="link"
    >
      Carrinho
    </Text>
    <Text
      className="text-zinc-800/70"
    >
      Promos
    </Text>
    <Text
      className="text-zinc-800/70"
      href="/user/login"
      onPress={[Function]}
      role="link"
    >
      Minha conta
    </Text>
    <Text
      className="text-zinc-800/70"
    >
      Ajuda
    </Text>
  </View>
  <View
    className="flex-row gap-5"
  >
    <Text />
    <Text />
  </View>
  <Text
    className="text-zinc-800/70"
  >
    Â© 2024 Dazala, Inc. All rights reserved
  </Text>
</View>
`;
